2026-02-28 21:37:04,974 INFO o.a.j.u.JMeterUtils: Setting Locale to en_US
2026-02-28 21:37:04,984 INFO o.a.j.JMeter: Loading user properties from: user.properties
2026-02-28 21:37:04,984 INFO o.a.j.JMeter: Loading system properties from: system.properties
2026-02-28 21:37:04,984 INFO o.a.j.JMeter: Loading additional properties from: C:\Users\11\Desktop\Hillel\Homework\qa_pro_rest_app\user.properties
2026-02-28 21:37:04,989 INFO o.a.j.JMeter: Copyright (c) 1998-2024 The Apache Software Foundation
2026-02-28 21:37:04,989 INFO o.a.j.JMeter: Version 5.6.3
2026-02-28 21:37:04,989 INFO o.a.j.JMeter: java.version=24.0.2
2026-02-28 21:37:04,989 INFO o.a.j.JMeter: java.vm.name=Java HotSpot(TM) 64-Bit Server VM
2026-02-28 21:37:04,989 INFO o.a.j.JMeter: os.name=Windows 11
2026-02-28 21:37:04,989 INFO o.a.j.JMeter: os.arch=amd64
2026-02-28 21:37:04,989 INFO o.a.j.JMeter: os.version=10.0
2026-02-28 21:37:04,989 INFO o.a.j.JMeter: file.encoding=UTF-8
2026-02-28 21:37:04,989 INFO o.a.j.JMeter: java.awt.headless=true
2026-02-28 21:37:04,989 INFO o.a.j.JMeter: Max memory     =8363442176
2026-02-28 21:37:04,989 INFO o.a.j.JMeter: Available Processors =12
2026-02-28 21:37:04,996 INFO o.a.j.JMeter: Default Locale=English (United States)
2026-02-28 21:37:04,997 INFO o.a.j.JMeter: JMeter  Locale=English (United States)
2026-02-28 21:37:04,997 INFO o.a.j.JMeter: JMeterHome=C:\Users\11\Desktop\Hillel\Homework\qa_pro_rest_app\apache-jmeter-5.6.3
2026-02-28 21:37:04,997 INFO o.a.j.JMeter: user.dir  =C:\Users\11\Desktop\Hillel\Homework\qa_pro_rest_app\apache-jmeter-5.6.3\bin
2026-02-28 21:37:04,998 INFO o.a.j.JMeter: PWD       =C:\Users\11\Desktop\Hillel\Homework\qa_pro_rest_app\apache-jmeter-5.6.3\bin
2026-02-28 21:37:05,002 INFO o.a.j.JMeter: IP: 192.168.68.108 Name: kruzeyr0 FullName: kruzeyr0
2026-02-28 21:37:05,010 INFO o.a.j.JMeter: Setting property 'jmeter.reportgenerator.outputdir' to:'C:\Users\11\Desktop\Hillel\Homework\qa_pro_rest_app\report_durr_assert_10000'
2026-02-28 21:37:05,012 INFO o.a.j.r.d.ReportGenerator: ReportGenerator will use for Parsing the separator: ','
2026-02-28 21:37:05,012 INFO o.a.j.r.d.ReportGenerator: Will only generate report from results file: C:\Users\11\Desktop\Hillel\Homework\qa_pro_rest_app\Katrych_simpleReport_qa_pro_rest_app.jtl
2026-02-28 21:37:05,012 INFO o.a.j.r.d.ReportGenerator: Reading report generator properties from: C:\Users\11\Desktop\Hillel\Homework\qa_pro_rest_app\apache-jmeter-5.6.3\bin\reportgenerator.properties
2026-02-28 21:37:05,013 INFO o.a.j.r.d.ReportGenerator: Merging with JMeter properties
2026-02-28 21:37:05,015 INFO o.a.j.r.c.ReportGeneratorConfiguration: Property 'jmeter.reportgenerator.temp_dir' not found, using default value 'temp' instead.
2026-02-28 21:37:05,017 INFO o.a.j.r.c.ReportGeneratorConfiguration: Property 'jmeter.reportgenerator.apdex_per_transaction' not found, using default value 'null' instead.
2026-02-28 21:37:05,024 INFO o.a.j.r.c.ReportGeneratorConfiguration: apdex_per_transaction is empty, not APDEX per transaction customization
2026-02-28 21:37:05,024 INFO o.a.j.r.c.ReportGeneratorConfiguration: Property 'jmeter.reportgenerator.sample_filter' not found, using default value 'null' instead.
2026-02-28 21:37:05,024 INFO o.a.j.r.c.ReportGeneratorConfiguration: Property 'jmeter.reportgenerator.report_title' not found, using default value 'null' instead.
2026-02-28 21:37:05,024 INFO o.a.j.r.c.ReportGeneratorConfiguration: Property 'jmeter.reportgenerator.start_date' not found, using default value 'null' instead.
2026-02-28 21:37:05,024 INFO o.a.j.r.c.ReportGeneratorConfiguration: Property 'jmeter.reportgenerator.end_date' not found, using default value 'null' instead.
2026-02-28 21:37:05,024 INFO o.a.j.r.c.ReportGeneratorConfiguration: Property 'jmeter.reportgenerator.date_format' not found, using default value 'null' instead.
2026-02-28 21:37:05,026 INFO o.a.j.r.c.ReportGeneratorConfiguration: Will use date range start date: null, end date: null
2026-02-28 21:37:05,032 INFO o.a.j.r.c.ReportGeneratorConfiguration: Property 'jmeter.reportgenerator.graph.totalTPS.exclude_controllers' not found, using default value 'false' instead.
2026-02-28 21:37:05,032 INFO o.a.j.r.c.ReportGeneratorConfiguration: Property 'jmeter.reportgenerator.graph.activeThreadsOverTime.exclude_controllers' not found, using default value 'false' instead.
2026-02-28 21:37:05,032 INFO o.a.j.r.c.ReportGeneratorConfiguration: Property 'jmeter.reportgenerator.graph.timeVsThreads.exclude_controllers' not found, using default value 'false' instead.
2026-02-28 21:37:05,032 INFO o.a.j.r.c.ReportGeneratorConfiguration: Property 'jmeter.reportgenerator.graph.responseTimeDistribution.exclude_controllers' not found, using default value 'false' instead.
2026-02-28 21:37:05,032 INFO o.a.j.r.c.ReportGeneratorConfiguration: Property 'jmeter.reportgenerator.graph.transactionsPerSecond.exclude_controllers' not found, using default value 'false' instead.
2026-02-28 21:37:05,032 INFO o.a.j.r.c.ReportGeneratorConfiguration: Property 'jmeter.reportgenerator.graph.responseTimePercentiles.exclude_controllers' not found, using default value 'false' instead.
2026-02-28 21:37:05,032 INFO o.a.j.r.c.ReportGeneratorConfiguration: Property 'jmeter.reportgenerator.graph.responseTimePercentilesOverTime.exclude_controllers' not found, using default value 'false' instead.
2026-02-28 21:37:05,032 INFO o.a.j.r.c.ReportGeneratorConfiguration: Property 'jmeter.reportgenerator.graph.responseTimesOverTime.exclude_controllers' not found, using default value 'false' instead.
2026-02-28 21:37:05,032 INFO o.a.j.r.c.ReportGeneratorConfiguration: Property 'jmeter.reportgenerator.graph.connectTimeOverTime.exclude_controllers' not found, using default value 'false' instead.
2026-02-28 21:37:05,033 INFO o.a.j.r.c.ReportGeneratorConfiguration: Property 'jmeter.reportgenerator.graph.latenciesOverTime.exclude_controllers' not found, using default value 'false' instead.
2026-02-28 21:37:05,033 INFO o.a.j.r.c.ReportGeneratorConfiguration: Property 'jmeter.reportgenerator.exporter.json.filters_only_sample_series' not found, using default value 'true' instead.
2026-02-28 21:37:05,033 INFO o.a.j.r.c.ReportGeneratorConfiguration: Property 'jmeter.reportgenerator.exporter.json.series_filter' not found, using default value '' instead.
2026-02-28 21:37:05,033 INFO o.a.j.r.c.ReportGeneratorConfiguration: Property 'jmeter.reportgenerator.exporter.json.show_controllers_only' not found, using default value 'false' instead.
2026-02-28 21:37:05,033 INFO o.a.j.r.c.ReportGeneratorConfiguration: Property 'jmeter.reportgenerator.exporter.html.filters_only_sample_series' not found, using default value 'true' instead.
2026-02-28 21:37:05,033 INFO o.a.j.r.c.ReportGeneratorConfiguration: Property 'jmeter.reportgenerator.exporter.html.series_filter' not found, using default value '' instead.
2026-02-28 21:37:05,033 INFO o.a.j.r.c.ReportGeneratorConfiguration: Property 'jmeter.reportgenerator.exporter.html.show_controllers_only' not found, using default value 'false' instead.
2026-02-28 21:37:05,187 INFO o.a.j.s.SaveService: Testplan (JMX) version: 2.2. Testlog (JTL) version: 2.2
2026-02-28 21:37:05,210 INFO o.a.j.s.SaveService: Using SaveService properties version 5.0
2026-02-28 21:37:05,212 INFO o.a.j.s.SaveService: Using SaveService properties file encoding UTF-8
2026-02-28 21:37:05,229 INFO o.a.j.r.p.NormalizerSampleConsumer: Using format, 'ms', to parse timeStamp field
2026-02-28 21:37:26,775 INFO o.a.j.r.p.AbstractSampleConsumer: class org.apache.jmeter.report.processor.AggregateConsumer#stopProducing(): beginDate produced 0 samples
2026-02-28 21:37:26,775 INFO o.a.j.r.p.AbstractSampleConsumer: class org.apache.jmeter.report.processor.AggregateConsumer#stopProducing(): endDate produced 0 samples
2026-02-28 21:37:26,777 INFO o.a.j.r.p.AbstractSampleConsumer: class org.apache.jmeter.report.processor.ApdexSummaryConsumer#stopProducing(): apdexSummary produced 0 samples
2026-02-28 21:37:26,777 INFO o.a.j.r.p.AbstractSampleConsumer: class org.apache.jmeter.report.processor.RequestsSummaryConsumer#stopProducing(): requestsSummary produced 0 samples
2026-02-28 21:37:26,789 INFO o.a.j.r.p.AbstractSampleConsumer: class org.apache.jmeter.report.processor.StatisticsSummaryConsumer#stopProducing(): statisticsSummary produced 0 samples
2026-02-28 21:37:26,797 INFO o.a.j.r.p.AbstractSampleConsumer: class org.apache.jmeter.report.processor.Top5ErrorsBySamplerConsumer#stopProducing(): top5ErrorsBySampler produced 0 samples
2026-02-28 21:37:26,799 INFO o.a.j.r.p.AbstractSampleConsumer: class org.apache.jmeter.report.processor.ErrorsSummaryConsumer#stopProducing(): errorsSummary produced 0 samples
2026-02-28 21:37:26,799 INFO o.a.j.r.p.AbstractSampleConsumer: class org.apache.jmeter.report.processor.graph.impl.HitsPerSecondGraphConsumer#stopProducing(): hitsPerSecond produced 0 samples
2026-02-28 21:37:31,614 INFO o.a.j.r.p.AbstractSampleConsumer: class org.apache.jmeter.report.processor.graph.impl.LatencyVSRequestGraphConsumer#stopProducing(): latencyVsRequest produced 0 samples
2026-02-28 21:37:31,625 INFO o.a.j.r.p.AbstractSampleConsumer: class org.apache.jmeter.report.processor.graph.impl.SyntheticResponseTimeDistributionGraphConsumer#stopProducing(): syntheticResponseTimeDistribution produced 0 samples
2026-02-28 21:37:31,625 INFO o.a.j.r.p.AbstractSampleConsumer: class org.apache.jmeter.report.processor.graph.impl.BytesThroughputGraphConsumer#stopProducing(): bytesThroughputOverTime produced 0 samples
2026-02-28 21:37:31,625 INFO o.a.j.r.p.AbstractSampleConsumer: class org.apache.jmeter.report.processor.graph.impl.CodesPerSecondGraphConsumer#stopProducing(): codesPerSecond produced 0 samples
2026-02-28 21:37:36,334 INFO o.a.j.r.p.AbstractSampleConsumer: class org.apache.jmeter.report.processor.graph.impl.ResponseTimeVSRequestGraphConsumer#stopProducing(): responseTimeVsRequest produced 0 samples
2026-02-28 21:37:36,342 INFO o.a.j.r.p.AbstractSampleConsumer: class org.apache.jmeter.report.processor.FilterConsumer#stopProducing(): startIntervalControlerFilter produced 9503235 samples
2026-02-28 21:37:36,342 INFO o.a.j.r.p.AbstractSampleConsumer: class org.apache.jmeter.report.processor.graph.impl.TotalTPSGraphConsumer#stopProducing(): totalTPS produced 0 samples
2026-02-28 21:37:36,343 INFO o.a.j.r.p.AbstractSampleConsumer: class org.apache.jmeter.report.processor.graph.impl.ActiveThreadsGraphConsumer#stopProducing(): activeThreadsOverTime produced 0 samples
2026-02-28 21:37:36,343 INFO o.a.j.r.p.AbstractSampleConsumer: class org.apache.jmeter.report.processor.graph.impl.TimeVSThreadGraphConsumer#stopProducing(): timeVsThreads produced 0 samples
2026-02-28 21:37:36,351 INFO o.a.j.r.p.AbstractSampleConsumer: class org.apache.jmeter.report.processor.graph.impl.ResponseTimeDistributionGraphConsumer#stopProducing(): responseTimeDistribution produced 0 samples
2026-02-28 21:37:36,351 INFO o.a.j.r.p.AbstractSampleConsumer: class org.apache.jmeter.report.processor.graph.impl.TransactionsPerSecondGraphConsumer#stopProducing(): transactionsPerSecond produced 0 samples
2026-02-28 21:37:36,351 INFO o.a.j.r.p.AbstractSampleConsumer: class org.apache.jmeter.report.processor.graph.impl.ResponseTimePercentilesGraphConsumer#stopProducing(): responseTimePercentiles produced 0 samples
2026-02-28 21:37:36,363 INFO o.a.j.r.p.AbstractSampleConsumer: class org.apache.jmeter.report.processor.graph.impl.ResponseTimePercentilesOverTimeGraphConsumer#stopProducing(): responseTimePercentilesOverTime produced 0 samples
2026-02-28 21:37:36,364 INFO o.a.j.r.p.AbstractSampleConsumer: class org.apache.jmeter.report.processor.graph.impl.ResponseTimeOverTimeGraphConsumer#stopProducing(): responseTimesOverTime produced 0 samples
2026-02-28 21:37:36,365 INFO o.a.j.r.p.AbstractSampleConsumer: class org.apache.jmeter.report.processor.graph.impl.ConnectTimeOverTimeGraphConsumer#stopProducing(): connectTimeOverTime produced 0 samples
2026-02-28 21:37:36,365 INFO o.a.j.r.p.AbstractSampleConsumer: class org.apache.jmeter.report.processor.graph.impl.LatencyOverTimeGraphConsumer#stopProducing(): latenciesOverTime produced 0 samples
2026-02-28 21:37:36,365 INFO o.a.j.r.p.AbstractSampleConsumer: class org.apache.jmeter.report.processor.FilterConsumer#stopProducing(): nameFilter produced 20364075 samples
2026-02-28 21:37:36,365 INFO o.a.j.r.p.AbstractSampleConsumer: class org.apache.jmeter.report.processor.FilterConsumer#stopProducing(): dateRangeFilter produced 4072815 samples
2026-02-28 21:37:36,365 INFO o.a.j.r.p.AbstractSampleConsumer: class org.apache.jmeter.report.processor.NormalizerSampleConsumer#stopProducing(): normalizer produced 1357605 samples
2026-02-28 21:37:36,365 INFO o.a.j.r.p.CsvFileSampleSource: produce(): 1357605 samples produced in 31s 121 ms on channel 0
2026-02-28 21:37:36,365 INFO o.a.j.r.d.ReportGenerator: Exporting data using exporter:'json' of className:'org.apache.jmeter.report.dashboard.JsonExporter'
2026-02-28 21:37:36,407 INFO o.a.j.r.d.JsonExporter: Found data for consumer statisticsSummary in context
2026-02-28 21:37:36,407 INFO o.a.j.r.d.JsonExporter: Creating statistics for overall
2026-02-28 21:37:36,407 INFO o.a.j.r.d.JsonExporter: Creating statistics for other transactions
2026-02-28 21:37:36,408 INFO o.a.j.r.d.JsonExporter: Checking output folder
2026-02-28 21:37:36,408 INFO o.a.j.r.d.JsonExporter: Writing statistics JSON to C:\Users\11\Desktop\Hillel\Homework\qa_pro_rest_app\report_durr_assert_10000\statistics.json
2026-02-28 21:37:36,436 INFO o.a.j.r.d.ReportGenerator: Exporting data using exporter:'html' of className:'org.apache.jmeter.report.dashboard.HtmlTemplateExporter'
2026-02-28 21:37:36,440 INFO o.a.j.r.d.HtmlTemplateExporter: Will generate dashboard in folder: C:\Users\11\Desktop\Hillel\Homework\qa_pro_rest_app\report_durr_assert_10000
2026-02-28 21:37:36,564 INFO o.a.j.r.d.HtmlTemplateExporter: Report will be generated in: C:\Users\11\Desktop\Hillel\Homework\qa_pro_rest_app\report_durr_assert_10000, creating folder structure
2026-02-28 21:37:36,566 INFO o.a.j.r.d.TemplateVisitor: Copying folder from 'C:\Users\11\Desktop\Hillel\Homework\qa_pro_rest_app\apache-jmeter-5.6.3\bin\report-template' to 'C:\Users\11\Desktop\Hillel\Homework\qa_pro_rest_app\report_durr_assert_10000', got message: C:\Users\11\Desktop\Hillel\Homework\qa_pro_rest_app\report_durr_assert_10000, found non empty folder with following content [C:\Users\11\Desktop\Hillel\Homework\qa_pro_rest_app\report_durr_assert_10000\statistics.json], will be ignored
